// Jest Snapshot v1, https://goo.gl/fbAQLP

exports[`Navbar should change the display property from static to none based on props 1`] = `ShallowWrapper {}`;
