// Jest Snapshot v1, https://goo.gl/fbAQLP

exports[`Pagination should match snapshot 1`] = `
<Fragment>
  <styled.div>
    <styled.ul>
      <li>
        <styled.button
          isActive={true}
          key="1"
          onClick={[Function]}
        >
          1
        </styled.button>
        <styled.button
          isActive={false}
          key="2"
          onClick={[Function]}
        >
          2
        </styled.button>
        <styled.button
          isActive={false}
          key="3"
          onClick={[Function]}
        >
          3
        </styled.button>
        <styled.button
          isActive={false}
          key="4"
          onClick={[Function]}
        >
          4
        </styled.button>
        <styled.button
          isActive={false}
          key="5"
          onClick={[Function]}
        >
          5
        </styled.button>
      </li>
    </styled.ul>
  </styled.div>
</Fragment>
`;
